// Vitest Snapshot v1, https://vitest.dev/guide/snapshot.html

exports[`Get transaction by txid 1`] = `
{
  "fee": 141,
  "locktime": 0,
  "size": 223,
  "status": {
    "block_hash": "000000000000000cef4a1d6264fe63f543128518a466d31c7e2a8d6395b52522",
    "block_height": 2579043,
    "block_time": 1708580004,
    "confirmed": true,
  },
  "txid": "9706131c1e327a068a6aafc16dc69a46c50bc7c65f180513896bdad39a6babfc",
  "version": 2,
  "vin": [
    {
      "is_coinbase": false,
      "prevout": {
        "scriptpubkey": "0014f8d0addc86183d385061ee80c1b16b1975eacf42",
        "scriptpubkey_address": "tb1qlrg2mhyxrq7ns5rpa6qvrvttr9674n6z0trymp",
        "scriptpubkey_asm": "OP_0 OP_PUSHBYTES_20 f8d0addc86183d385061ee80c1b16b1975eacf42",
        "scriptpubkey_type": "v0_p2wpkh",
        "value": 181793,
      },
      "scriptsig": "",
      "scriptsig_asm": "",
      "sequence": 4294967295,
      "txid": "d0189f19978fc47ddfe33319d01a6a66dea5a521e1f37b7e73469a3549e81531",
      "vout": 0,
      "witness": [
        "3045022100f50e2e6ee5ea04e4f7029d29a28e80266969f91357055e1d53b0715b768c448102204ccd9dbb38d0cc007e07b9c8b4088d4fac4ab65fef49774bafe27acbfc3d111101",
        "02d05848540f152d730e272bc9628dd4e4a5f4126fdf118ad6a4fd6afd26b08313",
      ],
    },
  ],
  "vout": [
    {
      "scriptpubkey": "0014dd72437bde53e22df65feb845a1dd35784f3e66c",
      "scriptpubkey_address": "tb1qm4eyx777203zmajlawz958wn27z08envm2jelm",
      "scriptpubkey_asm": "OP_0 OP_PUSHBYTES_20 dd72437bde53e22df65feb845a1dd35784f3e66c",
      "scriptpubkey_type": "v0_p2wpkh",
      "value": 1000,
    },
    {
      "scriptpubkey": "0014f8d0addc86183d385061ee80c1b16b1975eacf42",
      "scriptpubkey_address": "tb1qlrg2mhyxrq7ns5rpa6qvrvttr9674n6z0trymp",
      "scriptpubkey_asm": "OP_0 OP_PUSHBYTES_20 f8d0addc86183d385061ee80c1b16b1975eacf42",
      "scriptpubkey_type": "v0_p2wpkh",
      "value": 180652,
    },
  ],
  "weight": 562,
}
`;
