// Vitest Snapshot v1, https://vitest.dev/guide/snapshot.html

exports[`transactionManager > verifyTransaction: should throw DelayedError for unconfirmed transaction 1`] = `[DelayedError]`;
