// Vitest Snapshot v1, https://vitest.dev/guide/snapshot.html

exports[`Unlocker > unlockCells: should unlock cells and send ckb tx 1`] = `[Error: Invalid BTC time lock args]`;
